


ARM Macro Assembler    Page 1 


    1 00000000                 AREA             move, CODE, READONLY
    2 00000000                 EXPORT           setMove
    3 00000000         
    4 00000000        0 
                       player  RN               0
    5 00000000        1 
                       mode    RN               1
    6 00000000        2 
                       dir     RN               2
    7 00000000        3 
                       py      RN               3
    8 00000000        4 
                       px      RN               4
    9 00000000         
   10 00000000         setMove PROC
   11 00000000         
   12 00000000 46EC            MOV              r12, sp
   13 00000002 E92D 4DF0       PUSH             {r4-r8,r10-r11,lr}
   14 00000006 F89C 4000       LDRB             px, [r12]
   15 0000000A         
   16 0000000A EA4F 1000       LSL              player, #4
   17 0000000E 1840            ADDS             r0, player, mode
   18 00000010 EA4F 1000       LSL              r0, #4
   19 00000014 1880            ADDS             r0, r0, dir
   20 00000016 EA4F 2000       LSL              r0, #8
   21 0000001A 18C0            ADDS             r0, r0, py
   22 0000001C EA4F 2000       LSL              r0, #8
   23 00000020 1900            ADDS             r0, r0, px
   24 00000022         
   25 00000022 E8BD 8DF0       POP              {r4-r8,r10-r11,pc}
   26 00000026         
   27 00000026                 ENDP
                       
Command Line: --debug --xref --diag_suppress=9931 --cpu=Cortex-M3 --apcs=interw
ork --depend=.\move.d -o.\move.o -I.\RTE\_Target_1 -IC:\Users\franc\AppData\Loc
al\Arm\Packs\ARM\CMSIS\5.9.0\CMSIS\Core\Include -IC:\Users\franc\AppData\Local\
Arm\Packs\Keil\LPC1700_DFP\2.7.1\Device\Include --predefine="__UVISION_VERSION 
SETA 538" --predefine="_RTE_ SETA 1" --predefine="LPC175x_6x SETA 1" --predefin
e="_RTE_ SETA 1" --list=.\move.lst move.s



ARM Macro Assembler    Page 1 Alphabetic symbol ordering
Relocatable symbols

move 00000000

Symbol: move
   Definitions
      At line 1 in file move.s
   Uses
      None
Comment: move unused
setMove 00000000

Symbol: setMove
   Definitions
      At line 10 in file move.s
   Uses
      At line 2 in file move.s
Comment: setMove used once
2 symbols
340 symbols in table
