Component: ARM Compiler 5.06 update 7 (build 960) Tool: armlink [4d3601]

==============================================================================

Section Cross References

    startup_lpc17xx.o(STACK) refers (Special) to heapauxi.o(.text) for __use_two_region_memory
    startup_lpc17xx.o(HEAP) refers (Special) to heapauxi.o(.text) for __use_two_region_memory
    startup_lpc17xx.o(RESET) refers (Special) to heapauxi.o(.text) for __use_two_region_memory
    startup_lpc17xx.o(RESET) refers to startup_lpc17xx.o(STACK) for __initial_sp
    startup_lpc17xx.o(RESET) refers to startup_lpc17xx.o(.text) for Reset_Handler
    startup_lpc17xx.o(RESET) refers to irq_timer.o(.text) for TIMER0_IRQHandler
    startup_lpc17xx.o(RESET) refers to irq_button.o(.text) for EINT0_IRQHandler
    startup_lpc17xx.o(RESET) refers to irq_rit.o(.text) for RIT_IRQHandler
    startup_lpc17xx.o(.ARM.__at_0x02FC) refers (Special) to heapauxi.o(.text) for __use_two_region_memory
    startup_lpc17xx.o(.text) refers (Special) to heapauxi.o(.text) for __use_two_region_memory
    startup_lpc17xx.o(.text) refers to __main.o(!!!main) for __main
    startup_lpc17xx.o(.text) refers to startup_lpc17xx.o(HEAP) for Heap_Mem
    startup_lpc17xx.o(.text) refers to startup_lpc17xx.o(STACK) for Stack_Mem
    sample.o(.text) refers to system_lpc17xx.o(.text) for SystemInit
    sample.o(.text) refers to glcd.o(.text) for LCD_Initialization
    sample.o(.text) refers to lib_button.o(.text) for BUTTON_init
    sample.o(.text) refers to lib_joystick.o(.text) for joystick_init
    sample.o(.text) refers to lib_rit.o(.text) for init_RIT
    sample.o(.text) refers to lib_timer.o(.text) for init_timer
    sample.o(.text) refers to sample.o(.constdata) for TITLE_pixel_data
    system_lpc17xx.o(.text) refers to system_lpc17xx.o(.data) for SystemFrequency
    irq_button.o(.text) refers to irq_rit.o(.data) for zero
    irq_rit.o(.text) refers to game.o(.text) for getMoveInfo
    irq_rit.o(.text) refers to render.o(.text) for getPossibleMoves
    irq_rit.o(.text) refers to move.o(move) for setMove
    irq_rit.o(.text) refers to glcd.o(.text) for GUIText_X_Center
    irq_rit.o(.text) refers to lib_timer.o(.text) for enable_timer
    irq_rit.o(.text) refers to irq_rit.o(.data) for select
    irq_rit.o(.text) refers to game.o(.data) for pcoords
    game.o(.text) refers to _printf_percent.o(.ARM.Collect$$_printf_percent$$00000000) for _printf_percent
    game.o(.text) refers to _printf_d.o(.ARM.Collect$$_printf_percent$$00000009) for _printf_d
    game.o(.text) refers to _printf_dec.o(.text) for _printf_int_dec
    game.o(.text) refers to render.o(.text) for initBG
    game.o(.text) refers to noretval__2sprintf.o(.text) for __2sprintf
    game.o(.text) refers to glcd.o(.text) for GUIText_CenterCX
    game.o(.text) refers to move.o(move) for setMove
    game.o(.text) refers to lib_timer.o(.text) for enable_timer
    game.o(.text) refers to game.o(.data) for wallIndex
    game.o(.text) refers to game.o(.bss) for boardMat
    render.o(.text) refers to glcd.o(.text) for GUIText_CenterCX
    render.o(.text) refers to game.o(.text) for getMoveInfo
    render.o(.text) refers to render.o(.constdata) for P1_pixel_data
    render.o(.text) refers to game.o(.data) for pcoords
    render.o(.text) refers to game.o(.bss) for boardMat
    asciilib.o(.text) refers to rt_memcpy_v6.o(.text) for __aeabi_memcpy
    asciilib.o(.text) refers to asciilib.o(.constdata) for AsciiLib
    glcd.o(.text) refers to glcd.o(.data) for LCD_Code
    glcd.o(.text) refers to asciilib.o(.text) for GetASCIICode
    glcd.o(.text) refers to strlen.o(.text) for strlen
    hzlib.o(.text) refers to rt_memcpy_v6.o(.text) for __aeabi_memcpy
    hzlib.o(.text) refers to hzlib.o(.constdata) for HzLib
    irq_timer.o(.text) refers to _printf_percent.o(.ARM.Collect$$_printf_percent$$00000000) for _printf_percent
    irq_timer.o(.text) refers to _printf_d.o(.ARM.Collect$$_printf_percent$$00000009) for _printf_d
    irq_timer.o(.text) refers to _printf_dec.o(.text) for _printf_int_dec
    irq_timer.o(.text) refers to noretval__2sprintf.o(.text) for __2sprintf
    irq_timer.o(.text) refers to glcd.o(.text) for GUIText_X_Center
    irq_timer.o(.text) refers to lib_timer.o(.text) for disable_timer
    irq_timer.o(.text) refers to game.o(.text) for getMoveInfo
    irq_timer.o(.text) refers to render.o(.text) for getPossibleMoves
    irq_timer.o(.text) refers to move.o(move) for setMove
    irq_timer.o(.text) refers to game.o(.data) for time
    __2sprintf.o(.text) refers to _printf_char_common.o(.text) for _printf_char_common
    __2sprintf.o(.text) refers to _sputc.o(.text) for _sputc
    noretval__2sprintf.o(.text) refers to _printf_char_common.o(.text) for _printf_char_common
    noretval__2sprintf.o(.text) refers to _sputc.o(.text) for _sputc
    __printf.o(.text) refers to _printf_percent.o(.ARM.Collect$$_printf_percent$$00000000) for _printf_percent
    _printf_dec.o(.text) refers to _printf_intcommon.o(.text) for _printf_int_common
    __printf_flags.o(.text) refers to _printf_percent.o(.ARM.Collect$$_printf_percent$$00000000) for _printf_percent
    __printf_flags.o(.text) refers to __printf_flags.o(.constdata) for .constdata
    __printf_ss.o(.text) refers to _printf_percent.o(.ARM.Collect$$_printf_percent$$00000000) for _printf_percent
    __printf_flags_ss.o(.text) refers to _printf_percent.o(.ARM.Collect$$_printf_percent$$00000000) for _printf_percent
    __printf_flags_ss.o(.text) refers to __printf_flags_ss.o(.constdata) for .constdata
    __printf_wp.o(.text) refers to __printf_wp.o(i._is_digit) for _is_digit
    __printf_wp.o(.text) refers to _printf_percent.o(.ARM.Collect$$_printf_percent$$00000000) for _printf_percent
    __printf_flags_wp.o(.text) refers to __printf_wp.o(i._is_digit) for _is_digit
    __printf_flags_wp.o(.text) refers to _printf_percent.o(.ARM.Collect$$_printf_percent$$00000000) for _printf_percent
    __printf_flags_wp.o(.text) refers to __printf_flags_wp.o(.constdata) for .constdata
    __printf_ss_wp.o(.text) refers to __printf_wp.o(i._is_digit) for _is_digit
    __printf_ss_wp.o(.text) refers to _printf_percent.o(.ARM.Collect$$_printf_percent$$00000000) for _printf_percent
    __printf_flags_ss_wp.o(.text) refers to __printf_wp.o(i._is_digit) for _is_digit
    __printf_flags_ss_wp.o(.text) refers to _printf_percent.o(.ARM.Collect$$_printf_percent$$00000000) for _printf_percent
    __printf_flags_ss_wp.o(.text) refers to __printf_flags_ss_wp.o(.constdata) for .constdata
    _printf_d.o(.ARM.Collect$$_printf_percent$$00000009) refers (Weak) to _printf_dec.o(.text) for _printf_int_dec
    _printf_percent.o(.ARM.Collect$$_printf_percent$$00000000) refers (Special) to _printf_percent_end.o(.ARM.Collect$$_printf_percent$$00000017) for _printf_percent_end
    rt_memcpy_v6.o(.text) refers to rt_memcpy_w.o(.text) for __aeabi_memcpy4
    __main.o(!!!main) refers to __rtentry.o(.ARM.Collect$$rtentry$$00000000) for __rt_entry
    __rtentry.o(.ARM.Collect$$rtentry$$00000000) refers (Special) to __rtentry2.o(.ARM.Collect$$rtentry$$0000000A) for __rt_entry_li
    __rtentry.o(.ARM.Collect$$rtentry$$00000000) refers (Special) to __rtentry2.o(.ARM.Collect$$rtentry$$0000000D) for __rt_entry_main
    __rtentry.o(.ARM.Collect$$rtentry$$00000000) refers (Special) to __rtentry2.o(.ARM.Collect$$rtentry$$0000000C) for __rt_entry_postli_1
    __rtentry.o(.ARM.Collect$$rtentry$$00000000) refers (Special) to __rtentry2.o(.ARM.Collect$$rtentry$$00000009) for __rt_entry_postsh_1
    __rtentry.o(.ARM.Collect$$rtentry$$00000000) refers (Special) to __rtentry2.o(.ARM.Collect$$rtentry$$00000002) for __rt_entry_presh_1
    __rtentry.o(.ARM.Collect$$rtentry$$00000000) refers (Special) to __rtentry4.o(.ARM.Collect$$rtentry$$00000004) for __rt_entry_sh
    _printf_char_common.o(.text) refers to __printf_wp.o(.text) for __printf
    __rtentry2.o(.ARM.Collect$$rtentry$$00000008) refers to boardinit2.o(.text) for _platform_post_stackheap_init
    __rtentry2.o(.ARM.Collect$$rtentry$$0000000A) refers to libinit.o(.ARM.Collect$$libinit$$00000000) for __rt_lib_init
    __rtentry2.o(.ARM.Collect$$rtentry$$0000000B) refers to boardinit3.o(.text) for _platform_post_lib_init
    __rtentry2.o(.ARM.Collect$$rtentry$$0000000D) refers to sample.o(.text) for main
    __rtentry2.o(.ARM.Collect$$rtentry$$0000000D) refers to exit.o(.text) for exit
    __rtentry2.o(.ARM.exidx) refers to __rtentry2.o(.ARM.Collect$$rtentry$$00000001) for .ARM.Collect$$rtentry$$00000001
    __rtentry2.o(.ARM.exidx) refers to __rtentry2.o(.ARM.Collect$$rtentry$$00000008) for .ARM.Collect$$rtentry$$00000008
    __rtentry2.o(.ARM.exidx) refers to __rtentry2.o(.ARM.Collect$$rtentry$$0000000A) for .ARM.Collect$$rtentry$$0000000A
    __rtentry2.o(.ARM.exidx) refers to __rtentry2.o(.ARM.Collect$$rtentry$$0000000B) for .ARM.Collect$$rtentry$$0000000B
    __rtentry2.o(.ARM.exidx) refers to __rtentry2.o(.ARM.Collect$$rtentry$$0000000D) for .ARM.Collect$$rtentry$$0000000D
    __rtentry4.o(.ARM.Collect$$rtentry$$00000004) refers to sys_stackheap_outer.o(.text) for __user_setup_stackheap
    __rtentry4.o(.ARM.exidx) refers to __rtentry4.o(.ARM.Collect$$rtentry$$00000004) for .ARM.Collect$$rtentry$$00000004
    sys_stackheap_outer.o(.text) refers to libspace.o(.text) for __user_perproc_libspace
    sys_stackheap_outer.o(.text) refers to startup_lpc17xx.o(.text) for __user_initial_stackheap
    exit.o(.text) refers to rtexit.o(.ARM.Collect$$rtexit$$00000000) for __rt_exit
    libinit.o(.ARM.Collect$$libinit$$00000000) refers (Special) to libinit2.o(.ARM.Collect$$libinit$$0000002E) for __rt_lib_init_alloca_1
    libinit.o(.ARM.Collect$$libinit$$00000000) refers (Special) to libinit2.o(.ARM.Collect$$libinit$$0000002C) for __rt_lib_init_argv_1
    libinit.o(.ARM.Collect$$libinit$$00000000) refers (Special) to libinit2.o(.ARM.Collect$$libinit$$0000001B) for __rt_lib_init_atexit_1
    libinit.o(.ARM.Collect$$libinit$$00000000) refers (Special) to libinit2.o(.ARM.Collect$$libinit$$00000021) for __rt_lib_init_clock_1
    libinit.o(.ARM.Collect$$libinit$$00000000) refers (Special) to libinit2.o(.ARM.Collect$$libinit$$00000032) for __rt_lib_init_cpp_1
    libinit.o(.ARM.Collect$$libinit$$00000000) refers (Special) to libinit2.o(.ARM.Collect$$libinit$$00000030) for __rt_lib_init_exceptions_1
    libinit.o(.ARM.Collect$$libinit$$00000000) refers (Special) to libinit2.o(.ARM.Collect$$libinit$$00000002) for __rt_lib_init_fp_1
    libinit.o(.ARM.Collect$$libinit$$00000000) refers (Special) to libinit2.o(.ARM.Collect$$libinit$$0000001F) for __rt_lib_init_fp_trap_1
    libinit.o(.ARM.Collect$$libinit$$00000000) refers (Special) to libinit2.o(.ARM.Collect$$libinit$$00000023) for __rt_lib_init_getenv_1
    libinit.o(.ARM.Collect$$libinit$$00000000) refers (Special) to libinit2.o(.ARM.Collect$$libinit$$0000000A) for __rt_lib_init_heap_1
    libinit.o(.ARM.Collect$$libinit$$00000000) refers (Special) to libinit2.o(.ARM.Collect$$libinit$$00000011) for __rt_lib_init_lc_collate_1
    libinit.o(.ARM.Collect$$libinit$$00000000) refers (Special) to libinit2.o(.ARM.Collect$$libinit$$00000013) for __rt_lib_init_lc_ctype_1
    libinit.o(.ARM.Collect$$libinit$$00000000) refers (Special) to libinit2.o(.ARM.Collect$$libinit$$00000015) for __rt_lib_init_lc_monetary_1
    libinit.o(.ARM.Collect$$libinit$$00000000) refers (Special) to libinit2.o(.ARM.Collect$$libinit$$00000017) for __rt_lib_init_lc_numeric_1
    libinit.o(.ARM.Collect$$libinit$$00000000) refers (Special) to libinit2.o(.ARM.Collect$$libinit$$00000019) for __rt_lib_init_lc_time_1
    libinit.o(.ARM.Collect$$libinit$$00000000) refers (Special) to libinit2.o(.ARM.Collect$$libinit$$00000004) for __rt_lib_init_preinit_1
    libinit.o(.ARM.Collect$$libinit$$00000000) refers (Special) to libinit2.o(.ARM.Collect$$libinit$$0000000E) for __rt_lib_init_rand_1
    libinit.o(.ARM.Collect$$libinit$$00000000) refers (Special) to libinit2.o(.ARM.Collect$$libinit$$00000033) for __rt_lib_init_return
    libinit.o(.ARM.Collect$$libinit$$00000000) refers (Special) to libinit2.o(.ARM.Collect$$libinit$$0000001D) for __rt_lib_init_signal_1
    libinit.o(.ARM.Collect$$libinit$$00000000) refers (Special) to libinit2.o(.ARM.Collect$$libinit$$00000025) for __rt_lib_init_stdio_1
    libinit.o(.ARM.Collect$$libinit$$00000000) refers (Special) to libinit2.o(.ARM.Collect$$libinit$$0000000C) for __rt_lib_init_user_alloc_1
    libspace.o(.text) refers to libspace.o(.bss) for __libspace_start
    rtexit.o(.ARM.Collect$$rtexit$$00000000) refers (Special) to rtexit2.o(.ARM.Collect$$rtexit$$00000004) for __rt_exit_exit
    rtexit.o(.ARM.Collect$$rtexit$$00000000) refers (Special) to rtexit2.o(.ARM.Collect$$rtexit$$00000003) for __rt_exit_ls
    rtexit.o(.ARM.Collect$$rtexit$$00000000) refers (Special) to rtexit2.o(.ARM.Collect$$rtexit$$00000002) for __rt_exit_prels_1
    rtexit.o(.ARM.exidx) refers (Special) to rtexit2.o(.ARM.Collect$$rtexit$$00000004) for __rt_exit_exit
    rtexit.o(.ARM.exidx) refers (Special) to rtexit2.o(.ARM.Collect$$rtexit$$00000003) for __rt_exit_ls
    rtexit.o(.ARM.exidx) refers (Special) to rtexit2.o(.ARM.Collect$$rtexit$$00000002) for __rt_exit_prels_1
    rtexit.o(.ARM.exidx) refers to rtexit.o(.ARM.Collect$$rtexit$$00000000) for .ARM.Collect$$rtexit$$00000000
    libinit2.o(.ARM.Collect$$libinit$$00000010) refers to libinit2.o(.ARM.Collect$$libinit$$0000000F) for .ARM.Collect$$libinit$$0000000F
    libinit2.o(.ARM.Collect$$libinit$$00000012) refers to libinit2.o(.ARM.Collect$$libinit$$0000000F) for .ARM.Collect$$libinit$$0000000F
    libinit2.o(.ARM.Collect$$libinit$$00000014) refers to libinit2.o(.ARM.Collect$$libinit$$0000000F) for .ARM.Collect$$libinit$$0000000F
    libinit2.o(.ARM.Collect$$libinit$$00000016) refers to libinit2.o(.ARM.Collect$$libinit$$0000000F) for .ARM.Collect$$libinit$$0000000F
    libinit2.o(.ARM.Collect$$libinit$$00000018) refers to libinit2.o(.ARM.Collect$$libinit$$0000000F) for .ARM.Collect$$libinit$$0000000F
    libinit2.o(.ARM.Collect$$libinit$$00000026) refers to argv_veneer.o(.emb_text) for __ARM_argv_veneer
    libinit2.o(.ARM.Collect$$libinit$$00000027) refers to argv_veneer.o(.emb_text) for __ARM_argv_veneer
    rtexit2.o(.ARM.Collect$$rtexit$$00000003) refers to libshutdown.o(.ARM.Collect$$libshutdown$$00000000) for __rt_lib_shutdown
    rtexit2.o(.ARM.Collect$$rtexit$$00000004) refers to sys_exit.o(.text) for _sys_exit
    rtexit2.o(.ARM.exidx) refers to rtexit2.o(.ARM.Collect$$rtexit$$00000001) for .ARM.Collect$$rtexit$$00000001
    rtexit2.o(.ARM.exidx) refers to rtexit2.o(.ARM.Collect$$rtexit$$00000003) for .ARM.Collect$$rtexit$$00000003
    rtexit2.o(.ARM.exidx) refers to rtexit2.o(.ARM.Collect$$rtexit$$00000004) for .ARM.Collect$$rtexit$$00000004
    argv_veneer.o(.emb_text) refers to no_argv.o(.text) for __ARM_get_argv
    sys_exit.o(.text) refers (Special) to use_no_semi.o(.text) for __I$use$semihosting
    sys_exit.o(.text) refers (Special) to indicate_semi.o(.text) for __semihosting_library_function
    _get_argv_nomalloc.o(.text) refers (Special) to hrguard.o(.text) for __heap_region$guard
    _get_argv_nomalloc.o(.text) refers to defsig_rtmem_outer.o(.text) for __rt_SIGRTMEM
    _get_argv_nomalloc.o(.text) refers to sys_command.o(.text) for _sys_command_string
    libshutdown.o(.ARM.Collect$$libshutdown$$00000000) refers (Special) to libshutdown2.o(.ARM.Collect$$libshutdown$$00000004) for __rt_lib_shutdown_cpp_1
    libshutdown.o(.ARM.Collect$$libshutdown$$00000000) refers (Special) to libshutdown2.o(.ARM.Collect$$libshutdown$$00000002) for __rt_lib_shutdown_fini_1
    libshutdown.o(.ARM.Collect$$libshutdown$$00000000) refers (Special) to libshutdown2.o(.ARM.Collect$$libshutdown$$00000009) for __rt_lib_shutdown_fp_trap_1
    libshutdown.o(.ARM.Collect$$libshutdown$$00000000) refers (Special) to libshutdown2.o(.ARM.Collect$$libshutdown$$00000011) for __rt_lib_shutdown_heap_1
    libshutdown.o(.ARM.Collect$$libshutdown$$00000000) refers (Special) to libshutdown2.o(.ARM.Collect$$libshutdown$$00000012) for __rt_lib_shutdown_return
    libshutdown.o(.ARM.Collect$$libshutdown$$00000000) refers (Special) to libshutdown2.o(.ARM.Collect$$libshutdown$$0000000C) for __rt_lib_shutdown_signal_1
    libshutdown.o(.ARM.Collect$$libshutdown$$00000000) refers (Special) to libshutdown2.o(.ARM.Collect$$libshutdown$$00000006) for __rt_lib_shutdown_stdio_1
    libshutdown.o(.ARM.Collect$$libshutdown$$00000000) refers (Special) to libshutdown2.o(.ARM.Collect$$libshutdown$$0000000E) for __rt_lib_shutdown_user_alloc_1
    sys_command.o(.text) refers (Special) to use_no_semi.o(.text) for __I$use$semihosting
    sys_command.o(.text) refers (Special) to indicate_semi.o(.text) for __semihosting_library_function
    defsig_rtmem_outer.o(.text) refers to defsig_rtmem_inner.o(.text) for __rt_SIGRTMEM_inner
    defsig_rtmem_outer.o(.text) refers to defsig_exit.o(.text) for __sig_exit
    defsig_rtmem_formal.o(.text) refers to rt_raise.o(.text) for __rt_raise
    rt_raise.o(.text) refers to __raise.o(.text) for __raise
    rt_raise.o(.text) refers to sys_exit.o(.text) for _sys_exit
    defsig_exit.o(.text) refers to sys_exit.o(.text) for _sys_exit
    defsig_rtmem_inner.o(.text) refers to defsig_general.o(.text) for __default_signal_display
    __raise.o(.text) refers to defsig.o(CL$$defsig) for __default_signal_handler
    defsig_general.o(.text) refers to sys_wrch.o(.text) for _ttywrch
    sys_wrch.o(.text) refers (Special) to use_no_semi.o(.text) for __I$use$semihosting
    sys_wrch.o(.text) refers (Special) to indicate_semi.o(.text) for __semihosting_library_function
    defsig.o(CL$$defsig) refers to defsig_rtmem_inner.o(.text) for __rt_SIGRTMEM_inner
    defsig_abrt_inner.o(.text) refers to defsig_general.o(.text) for __default_signal_display
    defsig_fpe_inner.o(.text) refers to defsig_general.o(.text) for __default_signal_display
    defsig_rtred_inner.o(.text) refers to defsig_general.o(.text) for __default_signal_display
    defsig_stak_inner.o(.text) refers to defsig_general.o(.text) for __default_signal_display
    defsig_pvfn_inner.o(.text) refers to defsig_general.o(.text) for __default_signal_display
    defsig_cppl_inner.o(.text) refers to defsig_general.o(.text) for __default_signal_display
    defsig_segv_inner.o(.text) refers to defsig_general.o(.text) for __default_signal_display
    defsig_other.o(.text) refers to defsig_general.o(.text) for __default_signal_display


==============================================================================

Removing Unused input sections from the image.

    Removing sample.o(.rev16_text), (4 bytes).
    Removing sample.o(.revsh_text), (4 bytes).
    Removing sample.o(.rrx_text), (6 bytes).
    Removing core_cm3.o(.emb_text), (32 bytes).
    Removing system_lpc17xx.o(.rev16_text), (4 bytes).
    Removing system_lpc17xx.o(.revsh_text), (4 bytes).
    Removing system_lpc17xx.o(.rrx_text), (6 bytes).
    Removing irq_button.o(.rev16_text), (4 bytes).
    Removing irq_button.o(.revsh_text), (4 bytes).
    Removing irq_button.o(.rrx_text), (6 bytes).
    Removing irq_button.o(.constdata), (17667 bytes).
    Removing lib_button.o(.rev16_text), (4 bytes).
    Removing lib_button.o(.revsh_text), (4 bytes).
    Removing lib_button.o(.rrx_text), (6 bytes).
    Removing irq_rit.o(.rev16_text), (4 bytes).
    Removing irq_rit.o(.revsh_text), (4 bytes).
    Removing irq_rit.o(.rrx_text), (6 bytes).
    Removing irq_rit.o(.constdata), (17667 bytes).
    Removing lib_rit.o(.rev16_text), (4 bytes).
    Removing lib_rit.o(.revsh_text), (4 bytes).
    Removing lib_rit.o(.rrx_text), (6 bytes).
    Removing lib_joystick.o(.rev16_text), (4 bytes).
    Removing lib_joystick.o(.revsh_text), (4 bytes).
    Removing lib_joystick.o(.rrx_text), (6 bytes).
    Removing funct_joystick.o(.rev16_text), (4 bytes).
    Removing funct_joystick.o(.revsh_text), (4 bytes).
    Removing funct_joystick.o(.rrx_text), (6 bytes).
    Removing funct_joystick.o(.text), (2 bytes).
    Removing game.o(.rev16_text), (4 bytes).
    Removing game.o(.revsh_text), (4 bytes).
    Removing game.o(.rrx_text), (6 bytes).
    Removing game.o(.constdata), (17667 bytes).
    Removing render.o(.rev16_text), (4 bytes).
    Removing render.o(.revsh_text), (4 bytes).
    Removing render.o(.rrx_text), (6 bytes).
    Removing glcd.o(.rev16_text), (4 bytes).
    Removing glcd.o(.revsh_text), (4 bytes).
    Removing glcd.o(.rrx_text), (6 bytes).
    Removing hzlib.o(.text), (52 bytes).
    Removing hzlib.o(.constdata), (216576 bytes).
    Removing irq_timer.o(.rev16_text), (4 bytes).
    Removing irq_timer.o(.revsh_text), (4 bytes).
    Removing irq_timer.o(.rrx_text), (6 bytes).
    Removing irq_timer.o(.constdata), (17667 bytes).
    Removing lib_timer.o(.rev16_text), (4 bytes).
    Removing lib_timer.o(.revsh_text), (4 bytes).
    Removing lib_timer.o(.rrx_text), (6 bytes).

47 unused section(s) (total 287512 bytes) removed from the image.

==============================================================================

Image Symbol Table

    Local Symbols

    Symbol Name                              Value     Ov Type        Size  Object(Section)

    RESET                                    0x00000000   Section      204  startup_lpc17xx.o(RESET)
    ../clib/angel/boardlib.s                 0x00000000   Number         0  boardshut.o ABSOLUTE
    ../clib/angel/boardlib.s                 0x00000000   Number         0  boardinit3.o ABSOLUTE
    ../clib/angel/boardlib.s                 0x00000000   Number         0  boardinit1.o ABSOLUTE
    ../clib/angel/boardlib.s                 0x00000000   Number         0  boardinit2.o ABSOLUTE
    ../clib/angel/handlers.s                 0x00000000   Number         0  __scatter_zi.o ABSOLUTE
    ../clib/angel/handlers.s                 0x00000000   Number         0  __scatter_copy.o ABSOLUTE
    ../clib/angel/kernel.s                   0x00000000   Number         0  __rtentry.o ABSOLUTE
    ../clib/angel/kernel.s                   0x00000000   Number         0  __rtentry4.o ABSOLUTE
    ../clib/angel/kernel.s                   0x00000000   Number         0  rtexit2.o ABSOLUTE
    ../clib/angel/kernel.s                   0x00000000   Number         0  rtexit.o ABSOLUTE
    ../clib/angel/kernel.s                   0x00000000   Number         0  __rtentry2.o ABSOLUTE
    ../clib/angel/rt.s                       0x00000000   Number         0  rt_raise.o ABSOLUTE
    ../clib/angel/scatter.s                  0x00000000   Number         0  __scatter.o ABSOLUTE
    ../clib/angel/startup.s                  0x00000000   Number         0  __main.o ABSOLUTE
    ../clib/angel/sys.s                      0x00000000   Number         0  indicate_semi.o ABSOLUTE
    ../clib/angel/sys.s                      0x00000000   Number         0  libspace.o ABSOLUTE
    ../clib/angel/sys.s                      0x00000000   Number         0  use_no_semi.o ABSOLUTE
    ../clib/angel/sys.s                      0x00000000   Number         0  sys_stackheap_outer.o ABSOLUTE
    ../clib/angel/sysapp.c                   0x00000000   Number         0  sys_exit.o ABSOLUTE
    ../clib/angel/sysapp.c                   0x00000000   Number         0  sys_wrch.o ABSOLUTE
    ../clib/angel/sysapp.c                   0x00000000   Number         0  sys_command.o ABSOLUTE
    ../clib/armsys.c                         0x00000000   Number         0  argv_veneer.o ABSOLUTE
    ../clib/armsys.c                         0x00000000   Number         0  argv_veneer.o ABSOLUTE
    ../clib/armsys.c                         0x00000000   Number         0  no_argv.o ABSOLUTE
    ../clib/armsys.c                         0x00000000   Number         0  _get_argv_nomalloc.o ABSOLUTE
    ../clib/heapalloc.c                      0x00000000   Number         0  hrguard.o ABSOLUTE
    ../clib/heapaux.c                        0x00000000   Number         0  heapauxi.o ABSOLUTE
    ../clib/libinit.s                        0x00000000   Number         0  libshutdown.o ABSOLUTE
    ../clib/libinit.s                        0x00000000   Number         0  libinit.o ABSOLUTE
    ../clib/libinit.s                        0x00000000   Number         0  libinit2.o ABSOLUTE
    ../clib/libinit.s                        0x00000000   Number         0  libshutdown2.o ABSOLUTE
    ../clib/memcpset.s                       0x00000000   Number         0  rt_memcpy_v6.o ABSOLUTE
    ../clib/memcpset.s                       0x00000000   Number         0  rt_memcpy_w.o ABSOLUTE
    ../clib/misc.s                           0x00000000   Number         0  printf_stubs.o ABSOLUTE
    ../clib/printf.c                         0x00000000   Number         0  __printf_ss_wp.o ABSOLUTE
    ../clib/printf.c                         0x00000000   Number         0  __2sprintf.o ABSOLUTE
    ../clib/printf.c                         0x00000000   Number         0  noretval__2sprintf.o ABSOLUTE
    ../clib/printf.c                         0x00000000   Number         0  _sputc.o ABSOLUTE
    ../clib/printf.c                         0x00000000   Number         0  __printf.o ABSOLUTE
    ../clib/printf.c                         0x00000000   Number         0  _printf_dec.o ABSOLUTE
    ../clib/printf.c                         0x00000000   Number         0  _printf_char_common.o ABSOLUTE
    ../clib/printf.c                         0x00000000   Number         0  __printf_flags.o ABSOLUTE
    ../clib/printf.c                         0x00000000   Number         0  __printf_ss.o ABSOLUTE
    ../clib/printf.c                         0x00000000   Number         0  __printf_flags_ss.o ABSOLUTE
    ../clib/printf.c                         0x00000000   Number         0  __printf_wp.o ABSOLUTE
    ../clib/printf.c                         0x00000000   Number         0  _printf_intcommon.o ABSOLUTE
    ../clib/printf.c                         0x00000000   Number         0  __printf_flags_wp.o ABSOLUTE
    ../clib/printf.c                         0x00000000   Number         0  __printf_flags_ss_wp.o ABSOLUTE
    ../clib/printf.c                         0x00000000   Number         0  __printf_nopercent.o ABSOLUTE
    ../clib/printf_percent.s                 0x00000000   Number         0  _printf_percent_end.o ABSOLUTE
    ../clib/printf_percent.s                 0x00000000   Number         0  _printf_percent.o ABSOLUTE
    ../clib/printf_percent.s                 0x00000000   Number         0  _printf_d.o ABSOLUTE
    ../clib/signal.c                         0x00000000   Number         0  defsig_fpe_inner.o ABSOLUTE
    ../clib/signal.c                         0x00000000   Number         0  defsig_rtmem_outer.o ABSOLUTE
    ../clib/signal.c                         0x00000000   Number         0  defsig_general.o ABSOLUTE
    ../clib/signal.c                         0x00000000   Number         0  defsig_other.o ABSOLUTE
    ../clib/signal.c                         0x00000000   Number         0  defsig_segv_inner.o ABSOLUTE
    ../clib/signal.c                         0x00000000   Number         0  defsig_cppl_inner.o ABSOLUTE
    ../clib/signal.c                         0x00000000   Number         0  defsig_rtred_inner.o ABSOLUTE
    ../clib/signal.c                         0x00000000   Number         0  defsig_pvfn_inner.o ABSOLUTE
    ../clib/signal.c                         0x00000000   Number         0  defsig_stak_inner.o ABSOLUTE
    ../clib/signal.c                         0x00000000   Number         0  __raise.o ABSOLUTE
    ../clib/signal.c                         0x00000000   Number         0  defsig_rtmem_inner.o ABSOLUTE
    ../clib/signal.c                         0x00000000   Number         0  defsig_exit.o ABSOLUTE
    ../clib/signal.c                         0x00000000   Number         0  defsig_abrt_inner.o ABSOLUTE
    ../clib/signal.c                         0x00000000   Number         0  defsig_rtmem_formal.o ABSOLUTE
    ../clib/signal.s                         0x00000000   Number         0  defsig.o ABSOLUTE
    ../clib/stdlib.c                         0x00000000   Number         0  exit.o ABSOLUTE
    ../clib/string.c                         0x00000000   Number         0  strlen.o ABSOLUTE
    ../fplib/fpinit.s                        0x00000000   Number         0  fpinit.o ABSOLUTE
    GLCD\AsciiLib.c                          0x00000000   Number         0  asciilib.o ABSOLUTE
    GLCD\GLCD.c                              0x00000000   Number         0  glcd.o ABSOLUTE
    GLCD\HzLib.c                             0x00000000   Number         0  hzlib.o ABSOLUTE
    GLCD\\GLCD.c                             0x00000000   Number         0  glcd.o ABSOLUTE
    RIT\IRQ_RIT.c                            0x00000000   Number         0  irq_rit.o ABSOLUTE
    RIT\\IRQ_RIT.c                           0x00000000   Number         0  irq_rit.o ABSOLUTE
    RIT\\lib_RIT.c                           0x00000000   Number         0  lib_rit.o ABSOLUTE
    RIT\lib_RIT.c                            0x00000000   Number         0  lib_rit.o ABSOLUTE
    button_EXINT\IRQ_button.c                0x00000000   Number         0  irq_button.o ABSOLUTE
    button_EXINT\\IRQ_button.c               0x00000000   Number         0  irq_button.o ABSOLUTE
    button_EXINT\\lib_button.c               0x00000000   Number         0  lib_button.o ABSOLUTE
    button_EXINT\lib_button.c                0x00000000   Number         0  lib_button.o ABSOLUTE
    core_cm3.c                               0x00000000   Number         0  core_cm3.o ABSOLUTE
    core_cm3.c                               0x00000000   Number         0  core_cm3.o ABSOLUTE
    dc.s                                     0x00000000   Number         0  dc.o ABSOLUTE
    game\\game.c                             0x00000000   Number         0  game.o ABSOLUTE
    game\game.c                              0x00000000   Number         0  game.o ABSOLUTE
    joystick\\funct_joystick.c               0x00000000   Number         0  funct_joystick.o ABSOLUTE
    joystick\\lib_joystick.c                 0x00000000   Number         0  lib_joystick.o ABSOLUTE
    joystick\funct_joystick.c                0x00000000   Number         0  funct_joystick.o ABSOLUTE
    joystick\lib_joystick.c                  0x00000000   Number         0  lib_joystick.o ABSOLUTE
    move.s                                   0x00000000   Number         0  move.o ABSOLUTE
    render\\render.c                         0x00000000   Number         0  render.o ABSOLUTE
    render\render.c                          0x00000000   Number         0  render.o ABSOLUTE
    sample.c                                 0x00000000   Number         0  sample.o ABSOLUTE
    sample.c                                 0x00000000   Number         0  sample.o ABSOLUTE
    startup_LPC17xx.s                        0x00000000   Number         0  startup_lpc17xx.o ABSOLUTE
    system_LPC17xx.c                         0x00000000   Number         0  system_lpc17xx.o ABSOLUTE
    system_LPC17xx.c                         0x00000000   Number         0  system_lpc17xx.o ABSOLUTE
    timer\IRQ_timer.c                        0x00000000   Number         0  irq_timer.o ABSOLUTE
    timer\\IRQ_timer.c                       0x00000000   Number         0  irq_timer.o ABSOLUTE
    timer\\lib_timer.c                       0x00000000   Number         0  lib_timer.o ABSOLUTE
    timer\lib_timer.c                        0x00000000   Number         0  lib_timer.o ABSOLUTE
    !!!main                                  0x000000cc   Section        8  __main.o(!!!main)
    !!!scatter                               0x000000d4   Section       52  __scatter.o(!!!scatter)
    !!handler_copy                           0x00000108   Section       26  __scatter_copy.o(!!handler_copy)
    !!handler_zi                             0x00000124   Section       28  __scatter_zi.o(!!handler_zi)
    .ARM.Collect$$_printf_percent$$00000000  0x00000140   Section        0  _printf_percent.o(.ARM.Collect$$_printf_percent$$00000000)
    .ARM.Collect$$_printf_percent$$00000009  0x00000140   Section        6  _printf_d.o(.ARM.Collect$$_printf_percent$$00000009)
    .ARM.Collect$$_printf_percent$$00000017  0x00000146   Section        4  _printf_percent_end.o(.ARM.Collect$$_printf_percent$$00000017)
    .ARM.Collect$$libinit$$00000000          0x0000014a   Section        2  libinit.o(.ARM.Collect$$libinit$$00000000)
    .ARM.Collect$$libinit$$00000002          0x0000014c   Section        0  libinit2.o(.ARM.Collect$$libinit$$00000002)
    .ARM.Collect$$libinit$$00000004          0x0000014c   Section        0  libinit2.o(.ARM.Collect$$libinit$$00000004)
    .ARM.Collect$$libinit$$0000000A          0x0000014c   Section        0  libinit2.o(.ARM.Collect$$libinit$$0000000A)
    .ARM.Collect$$libinit$$0000000C          0x0000014c   Section        0  libinit2.o(.ARM.Collect$$libinit$$0000000C)
    .ARM.Collect$$libinit$$0000000E          0x0000014c   Section        0  libinit2.o(.ARM.Collect$$libinit$$0000000E)
    .ARM.Collect$$libinit$$00000011          0x0000014c   Section        0  libinit2.o(.ARM.Collect$$libinit$$00000011)
    .ARM.Collect$$libinit$$00000013          0x0000014c   Section        0  libinit2.o(.ARM.Collect$$libinit$$00000013)
    .ARM.Collect$$libinit$$00000015          0x0000014c   Section        0  libinit2.o(.ARM.Collect$$libinit$$00000015)
    .ARM.Collect$$libinit$$00000017          0x0000014c   Section        0  libinit2.o(.ARM.Collect$$libinit$$00000017)
    .ARM.Collect$$libinit$$00000019          0x0000014c   Section        0  libinit2.o(.ARM.Collect$$libinit$$00000019)
    .ARM.Collect$$libinit$$0000001B          0x0000014c   Section        0  libinit2.o(.ARM.Collect$$libinit$$0000001B)
    .ARM.Collect$$libinit$$0000001D          0x0000014c   Section        0  libinit2.o(.ARM.Collect$$libinit$$0000001D)
    .ARM.Collect$$libinit$$0000001F          0x0000014c   Section        0  libinit2.o(.ARM.Collect$$libinit$$0000001F)
    .ARM.Collect$$libinit$$00000021          0x0000014c   Section        0  libinit2.o(.ARM.Collect$$libinit$$00000021)
    .ARM.Collect$$libinit$$00000023          0x0000014c   Section        0  libinit2.o(.ARM.Collect$$libinit$$00000023)
    .ARM.Collect$$libinit$$00000025          0x0000014c   Section        0  libinit2.o(.ARM.Collect$$libinit$$00000025)
    .ARM.Collect$$libinit$$0000002C          0x0000014c   Section        0  libinit2.o(.ARM.Collect$$libinit$$0000002C)
    .ARM.Collect$$libinit$$0000002E          0x0000014c   Section        0  libinit2.o(.ARM.Collect$$libinit$$0000002E)
    .ARM.Collect$$libinit$$00000030          0x0000014c   Section        0  libinit2.o(.ARM.Collect$$libinit$$00000030)
    .ARM.Collect$$libinit$$00000032          0x0000014c   Section        0  libinit2.o(.ARM.Collect$$libinit$$00000032)
    .ARM.Collect$$libinit$$00000033          0x0000014c   Section        2  libinit2.o(.ARM.Collect$$libinit$$00000033)
    .ARM.Collect$$libshutdown$$00000000      0x0000014e   Section        2  libshutdown.o(.ARM.Collect$$libshutdown$$00000000)
    .ARM.Collect$$libshutdown$$00000002      0x00000150   Section        0  libshutdown2.o(.ARM.Collect$$libshutdown$$00000002)
    .ARM.Collect$$libshutdown$$00000004      0x00000150   Section        0  libshutdown2.o(.ARM.Collect$$libshutdown$$00000004)
    .ARM.Collect$$libshutdown$$00000006      0x00000150   Section        0  libshutdown2.o(.ARM.Collect$$libshutdown$$00000006)
    .ARM.Collect$$libshutdown$$00000009      0x00000150   Section        0  libshutdown2.o(.ARM.Collect$$libshutdown$$00000009)
    .ARM.Collect$$libshutdown$$0000000C      0x00000150   Section        0  libshutdown2.o(.ARM.Collect$$libshutdown$$0000000C)
    .ARM.Collect$$libshutdown$$0000000E      0x00000150   Section        0  libshutdown2.o(.ARM.Collect$$libshutdown$$0000000E)
    .ARM.Collect$$libshutdown$$00000011      0x00000150   Section        0  libshutdown2.o(.ARM.Collect$$libshutdown$$00000011)
    .ARM.Collect$$libshutdown$$00000012      0x00000150   Section        2  libshutdown2.o(.ARM.Collect$$libshutdown$$00000012)
    .ARM.Collect$$rtentry$$00000000          0x00000152   Section        0  __rtentry.o(.ARM.Collect$$rtentry$$00000000)
    .ARM.Collect$$rtentry$$00000002          0x00000152   Section        0  __rtentry2.o(.ARM.Collect$$rtentry$$00000002)
    .ARM.Collect$$rtentry$$00000004          0x00000152   Section        6  __rtentry4.o(.ARM.Collect$$rtentry$$00000004)
    .ARM.Collect$$rtentry$$00000009          0x00000158   Section        0  __rtentry2.o(.ARM.Collect$$rtentry$$00000009)
    .ARM.Collect$$rtentry$$0000000A          0x00000158   Section        4  __rtentry2.o(.ARM.Collect$$rtentry$$0000000A)
    .ARM.Collect$$rtentry$$0000000C          0x0000015c   Section        0  __rtentry2.o(.ARM.Collect$$rtentry$$0000000C)
    .ARM.Collect$$rtentry$$0000000D          0x0000015c   Section        8  __rtentry2.o(.ARM.Collect$$rtentry$$0000000D)
    .ARM.Collect$$rtexit$$00000000           0x00000164   Section        2  rtexit.o(.ARM.Collect$$rtexit$$00000000)
    .ARM.Collect$$rtexit$$00000002           0x00000166   Section        0  rtexit2.o(.ARM.Collect$$rtexit$$00000002)
    .ARM.Collect$$rtexit$$00000003           0x00000166   Section        4  rtexit2.o(.ARM.Collect$$rtexit$$00000003)
    .ARM.Collect$$rtexit$$00000004           0x0000016a   Section        6  rtexit2.o(.ARM.Collect$$rtexit$$00000004)
    .text                                    0x00000170   Section       52  startup_lpc17xx.o(.text)
    .text                                    0x000001a4   Section        0  sample.o(.text)
    __NVIC_DisableIRQ                        0x000001a5   Thumb Code    30  sample.o(.text)
    .text                                    0x000002d8   Section        0  lib_joystick.o(.text)
    .ARM.__at_0x02FC                         0x000002fc   Section        4  startup_lpc17xx.o(.ARM.__at_0x02FC)
    .text                                    0x00000300   Section        0  system_lpc17xx.o(.text)
    .text                                    0x0000054c   Section        0  irq_button.o(.text)
    __NVIC_DisableIRQ                        0x0000054d   Thumb Code    30  irq_button.o(.text)
    .text                                    0x00000604   Section        0  lib_button.o(.text)
    __NVIC_EnableIRQ                         0x00000605   Thumb Code    34  lib_button.o(.text)
    __NVIC_SetPriority                       0x00000627   Thumb Code    32  lib_button.o(.text)
    .text                                    0x000006d8   Section        0  irq_rit.o(.text)
    __NVIC_EnableIRQ                         0x000006d9   Thumb Code    34  irq_rit.o(.text)
    .text                                    0x00000c7c   Section        0  lib_rit.o(.text)
    .text                                    0x00000d10   Section        0  game.o(.text)
    .text                                    0x00001ae8   Section        0  render.o(.text)
    .text                                    0x00002228   Section        0  asciilib.o(.text)
    .text                                    0x00002248   Section        0  glcd.o(.text)
    LCD_Configuration                        0x00002249   Thumb Code    20  glcd.o(.text)
    wait_delay                               0x0000225d   Thumb Code    12  glcd.o(.text)
    LCD_SetCursor                            0x00002269   Thumb Code  1356  glcd.o(.text)
    delay_ms                                 0x000027b5   Thumb Code    30  glcd.o(.text)
    LCD_BGR2RGB                              0x00005cb1   Thumb Code    26  glcd.o(.text)
    .text                                    0x00006414   Section        0  irq_timer.o(.text)
    .text                                    0x00006540   Section        0  lib_timer.o(.text)
    __NVIC_EnableIRQ                         0x00006541   Thumb Code    34  lib_timer.o(.text)
    .text                                    0x000065e8   Section        0  noretval__2sprintf.o(.text)
    .text                                    0x00006610   Section        0  _printf_dec.o(.text)
    .text                                    0x00006688   Section        0  __printf_wp.o(.text)
    .text                                    0x00006796   Section        0  strlen.o(.text)
    .text                                    0x000067d4   Section      138  rt_memcpy_v6.o(.text)
    .text                                    0x0000685e   Section        0  heapauxi.o(.text)
    .text                                    0x00006864   Section        0  _printf_intcommon.o(.text)
    .text                                    0x00006918   Section        0  _printf_char_common.o(.text)
    _printf_input_char                       0x00006919   Thumb Code    10  _printf_char_common.o(.text)
    .text                                    0x00006948   Section        0  _sputc.o(.text)
    .text                                    0x00006952   Section      100  rt_memcpy_w.o(.text)
    .text                                    0x000069b6   Section       74  sys_stackheap_outer.o(.text)
    .text                                    0x00006a00   Section        0  exit.o(.text)
    .text                                    0x00006a14   Section        8  libspace.o(.text)
    .text                                    0x00006a1c   Section        0  sys_exit.o(.text)
    .text                                    0x00006a28   Section        2  use_no_semi.o(.text)
    .text                                    0x00006a2a   Section        0  indicate_semi.o(.text)
    i._is_digit                              0x00006a2a   Section        0  __printf_wp.o(i._is_digit)
    move                                     0x00006a38   Section       38  move.o(move)
    .constdata                               0x00006a5e   Section    17667  sample.o(.constdata)
    P1_pixel_data                            0x00006a5e   Data        1153  sample.o(.constdata)
    P2_pixel_data                            0x00006edf   Data        1153  sample.o(.constdata)
    TITLE_pixel_data                         0x00007360   Data       15361  sample.o(.constdata)
    .constdata                               0x0000af61   Section    17667  render.o(.constdata)
    P1_pixel_data                            0x0000af61   Data        1153  render.o(.constdata)
    P2_pixel_data                            0x0000b3e2   Data        1153  render.o(.constdata)
    TITLE_pixel_data                         0x0000b863   Data       15361  render.o(.constdata)
    .constdata                               0x0000f464   Section     1520  asciilib.o(.constdata)
    AsciiLib                                 0x0000f464   Data        1520  asciilib.o(.constdata)
    STACK                                    0x10000000   Section     4096  startup_lpc17xx.o(STACK)
    Stack_Mem                                0x10000000   Data        4096  startup_lpc17xx.o(STACK)
    __initial_sp                             0x10001000   Data           0  startup_lpc17xx.o(STACK)
    .data                                    0x2007c000   Section        5  system_lpc17xx.o(.data)
    .data                                    0x2007c005   Section        8  irq_rit.o(.data)
    select                                   0x2007c008   Data           1  irq_rit.o(.data)
    down                                     0x2007c009   Data           1  irq_rit.o(.data)
    left                                     0x2007c00a   Data           1  irq_rit.o(.data)
    right                                    0x2007c00b   Data           1  irq_rit.o(.data)
    up                                       0x2007c00c   Data           1  irq_rit.o(.data)
    .data                                    0x2007c010   Section       15  game.o(.data)
    .data                                    0x2007c01f   Section        1  glcd.o(.data)
    LCD_Code                                 0x2007c01f   Data           1  glcd.o(.data)
    .bss                                     0x2007c020   Section      217  game.o(.bss)
    .bss                                     0x2007c0fc   Section       96  libspace.o(.bss)
    HEAP                                     0x2007c160   Section        0  startup_lpc17xx.o(HEAP)
    Heap_Mem                                 0x2007c160   Data           0  startup_lpc17xx.o(HEAP)

    Global Symbols

    Symbol Name                              Value     Ov Type        Size  Object(Section)

    BuildAttributes$$THM_ISAv4$P$D$K$B$S$PE$A:L22UL41UL21$X:L11$S22US41US21$IEEE1$IW$USESV6$~STKCKD$USESV7$~SHL$OSPACE$ROPI$EBA8$UX$STANDARDLIB$REQ8$PRES8$EABIv2 0x00000000   Number         0  anon$$obj.o ABSOLUTE
    __ARM_use_no_argv                        0x00000000   Number         0  sample.o ABSOLUTE
    __Vectors                                0x00000000   Data           4  startup_lpc17xx.o(RESET)
    _printf_flags                            0x00000000   Number         0  printf_stubs.o ABSOLUTE
    _printf_return_value                     0x00000000   Number         0  printf_stubs.o ABSOLUTE
    _printf_sizespec                         0x00000000   Number         0  printf_stubs.o ABSOLUTE
    _printf_widthprec                        0x00000000   Number         0  printf_stubs.o ABSOLUTE
    __ARM_exceptions_init                     - Undefined Weak Reference
    __alloca_initialize                       - Undefined Weak Reference
    __arm_fini_                               - Undefined Weak Reference
    __arm_preinit_                            - Undefined Weak Reference
    __cpp_initialize__aeabi_                  - Undefined Weak Reference
    __cxa_finalize                            - Undefined Weak Reference
    __rt_locale                               - Undefined Weak Reference
    __sigvec_lookup                           - Undefined Weak Reference
    _atexit_init                              - Undefined Weak Reference
    _call_atexit_fns                          - Undefined Weak Reference
    _clock_init                               - Undefined Weak Reference
    _fp_trap_init                             - Undefined Weak Reference
    _fp_trap_shutdown                         - Undefined Weak Reference
    _get_lc_collate                           - Undefined Weak Reference
    _get_lc_ctype                             - Undefined Weak Reference
    _get_lc_monetary                          - Undefined Weak Reference
    _get_lc_numeric                           - Undefined Weak Reference
    _get_lc_time                              - Undefined Weak Reference
    _getenv_init                              - Undefined Weak Reference
    _handle_redirection                       - Undefined Weak Reference
    _init_alloc                               - Undefined Weak Reference
    _init_user_alloc                          - Undefined Weak Reference
    _initio                                   - Undefined Weak Reference
    _printf_post_padding                      - Undefined Weak Reference
    _printf_pre_padding                       - Undefined Weak Reference
    _printf_truncate_signed                   - Undefined Weak Reference
    _printf_truncate_unsigned                 - Undefined Weak Reference
    _rand_init                                - Undefined Weak Reference
    _signal_finish                            - Undefined Weak Reference
    _signal_init                              - Undefined Weak Reference
    _terminate_alloc                          - Undefined Weak Reference
    _terminate_user_alloc                     - Undefined Weak Reference
    _terminateio                              - Undefined Weak Reference
    __main                                   0x000000cd   Thumb Code     8  __main.o(!!!main)
    __scatterload                            0x000000d5   Thumb Code     0  __scatter.o(!!!scatter)
    __scatterload_rt2                        0x000000d5   Thumb Code    44  __scatter.o(!!!scatter)
    __scatterload_rt2_thumb_only             0x000000d5   Thumb Code     0  __scatter.o(!!!scatter)
    __scatterload_null                       0x000000e3   Thumb Code     0  __scatter.o(!!!scatter)
    __scatterload_copy                       0x00000109   Thumb Code    26  __scatter_copy.o(!!handler_copy)
    __scatterload_zeroinit                   0x00000125   Thumb Code    28  __scatter_zi.o(!!handler_zi)
    _printf_d                                0x00000141   Thumb Code     0  _printf_d.o(.ARM.Collect$$_printf_percent$$00000009)
    _printf_percent                          0x00000141   Thumb Code     0  _printf_percent.o(.ARM.Collect$$_printf_percent$$00000000)
    _printf_percent_end                      0x00000147   Thumb Code     0  _printf_percent_end.o(.ARM.Collect$$_printf_percent$$00000017)
    __rt_lib_init                            0x0000014b   Thumb Code     0  libinit.o(.ARM.Collect$$libinit$$00000000)
    __rt_lib_init_alloca_1                   0x0000014d   Thumb Code     0  libinit2.o(.ARM.Collect$$libinit$$0000002E)
    __rt_lib_init_argv_1                     0x0000014d   Thumb Code     0  libinit2.o(.ARM.Collect$$libinit$$0000002C)
    __rt_lib_init_atexit_1                   0x0000014d   Thumb Code     0  libinit2.o(.ARM.Collect$$libinit$$0000001B)
    __rt_lib_init_clock_1                    0x0000014d   Thumb Code     0  libinit2.o(.ARM.Collect$$libinit$$00000021)
    __rt_lib_init_cpp_1                      0x0000014d   Thumb Code     0  libinit2.o(.ARM.Collect$$libinit$$00000032)
    __rt_lib_init_exceptions_1               0x0000014d   Thumb Code     0  libinit2.o(.ARM.Collect$$libinit$$00000030)
    __rt_lib_init_fp_1                       0x0000014d   Thumb Code     0  libinit2.o(.ARM.Collect$$libinit$$00000002)
    __rt_lib_init_fp_trap_1                  0x0000014d   Thumb Code     0  libinit2.o(.ARM.Collect$$libinit$$0000001F)
    __rt_lib_init_getenv_1                   0x0000014d   Thumb Code     0  libinit2.o(.ARM.Collect$$libinit$$00000023)
    __rt_lib_init_heap_1                     0x0000014d   Thumb Code     0  libinit2.o(.ARM.Collect$$libinit$$0000000A)
    __rt_lib_init_lc_collate_1               0x0000014d   Thumb Code     0  libinit2.o(.ARM.Collect$$libinit$$00000011)
    __rt_lib_init_lc_ctype_1                 0x0000014d   Thumb Code     0  libinit2.o(.ARM.Collect$$libinit$$00000013)
    __rt_lib_init_lc_monetary_1              0x0000014d   Thumb Code     0  libinit2.o(.ARM.Collect$$libinit$$00000015)
    __rt_lib_init_lc_numeric_1               0x0000014d   Thumb Code     0  libinit2.o(.ARM.Collect$$libinit$$00000017)
    __rt_lib_init_lc_time_1                  0x0000014d   Thumb Code     0  libinit2.o(.ARM.Collect$$libinit$$00000019)
    __rt_lib_init_preinit_1                  0x0000014d   Thumb Code     0  libinit2.o(.ARM.Collect$$libinit$$00000004)
    __rt_lib_init_rand_1                     0x0000014d   Thumb Code     0  libinit2.o(.ARM.Collect$$libinit$$0000000E)
    __rt_lib_init_return                     0x0000014d   Thumb Code     0  libinit2.o(.ARM.Collect$$libinit$$00000033)
    __rt_lib_init_signal_1                   0x0000014d   Thumb Code     0  libinit2.o(.ARM.Collect$$libinit$$0000001D)
    __rt_lib_init_stdio_1                    0x0000014d   Thumb Code     0  libinit2.o(.ARM.Collect$$libinit$$00000025)
    __rt_lib_init_user_alloc_1               0x0000014d   Thumb Code     0  libinit2.o(.ARM.Collect$$libinit$$0000000C)
    __rt_lib_shutdown                        0x0000014f   Thumb Code     0  libshutdown.o(.ARM.Collect$$libshutdown$$00000000)
    __rt_lib_shutdown_cpp_1                  0x00000151   Thumb Code     0  libshutdown2.o(.ARM.Collect$$libshutdown$$00000004)
    __rt_lib_shutdown_fini_1                 0x00000151   Thumb Code     0  libshutdown2.o(.ARM.Collect$$libshutdown$$00000002)
    __rt_lib_shutdown_fp_trap_1              0x00000151   Thumb Code     0  libshutdown2.o(.ARM.Collect$$libshutdown$$00000009)
    __rt_lib_shutdown_heap_1                 0x00000151   Thumb Code     0  libshutdown2.o(.ARM.Collect$$libshutdown$$00000011)
    __rt_lib_shutdown_return                 0x00000151   Thumb Code     0  libshutdown2.o(.ARM.Collect$$libshutdown$$00000012)
    __rt_lib_shutdown_signal_1               0x00000151   Thumb Code     0  libshutdown2.o(.ARM.Collect$$libshutdown$$0000000C)
    __rt_lib_shutdown_stdio_1                0x00000151   Thumb Code     0  libshutdown2.o(.ARM.Collect$$libshutdown$$00000006)
    __rt_lib_shutdown_user_alloc_1           0x00000151   Thumb Code     0  libshutdown2.o(.ARM.Collect$$libshutdown$$0000000E)
    __rt_entry                               0x00000153   Thumb Code     0  __rtentry.o(.ARM.Collect$$rtentry$$00000000)
    __rt_entry_presh_1                       0x00000153   Thumb Code     0  __rtentry2.o(.ARM.Collect$$rtentry$$00000002)
    __rt_entry_sh                            0x00000153   Thumb Code     0  __rtentry4.o(.ARM.Collect$$rtentry$$00000004)
    __rt_entry_li                            0x00000159   Thumb Code     0  __rtentry2.o(.ARM.Collect$$rtentry$$0000000A)
    __rt_entry_postsh_1                      0x00000159   Thumb Code     0  __rtentry2.o(.ARM.Collect$$rtentry$$00000009)
    __rt_entry_main                          0x0000015d   Thumb Code     0  __rtentry2.o(.ARM.Collect$$rtentry$$0000000D)
    __rt_entry_postli_1                      0x0000015d   Thumb Code     0  __rtentry2.o(.ARM.Collect$$rtentry$$0000000C)
    __rt_exit                                0x00000165   Thumb Code     0  rtexit.o(.ARM.Collect$$rtexit$$00000000)
    __rt_exit_ls                             0x00000167   Thumb Code     0  rtexit2.o(.ARM.Collect$$rtexit$$00000003)
    __rt_exit_prels_1                        0x00000167   Thumb Code     0  rtexit2.o(.ARM.Collect$$rtexit$$00000002)
    __rt_exit_exit                           0x0000016b   Thumb Code     0  rtexit2.o(.ARM.Collect$$rtexit$$00000004)
    Reset_Handler                            0x00000171   Thumb Code     4  startup_lpc17xx.o(.text)
    NMI_Handler                              0x00000175   Thumb Code     2  startup_lpc17xx.o(.text)
    HardFault_Handler                        0x00000177   Thumb Code     2  startup_lpc17xx.o(.text)
    MemManage_Handler                        0x00000179   Thumb Code     2  startup_lpc17xx.o(.text)
    BusFault_Handler                         0x0000017b   Thumb Code     2  startup_lpc17xx.o(.text)
    UsageFault_Handler                       0x0000017d   Thumb Code     2  startup_lpc17xx.o(.text)
    SVC_Handler                              0x0000017f   Thumb Code     2  startup_lpc17xx.o(.text)
    DebugMon_Handler                         0x00000181   Thumb Code     2  startup_lpc17xx.o(.text)
    PendSV_Handler                           0x00000183   Thumb Code     2  startup_lpc17xx.o(.text)
    SysTick_Handler                          0x00000185   Thumb Code     2  startup_lpc17xx.o(.text)
    ADC_IRQHandler                           0x00000187   Thumb Code     0  startup_lpc17xx.o(.text)
    BOD_IRQHandler                           0x00000187   Thumb Code     0  startup_lpc17xx.o(.text)
    CANActivity_IRQHandler                   0x00000187   Thumb Code     0  startup_lpc17xx.o(.text)
    CAN_IRQHandler                           0x00000187   Thumb Code     0  startup_lpc17xx.o(.text)
    DMA_IRQHandler                           0x00000187   Thumb Code     0  startup_lpc17xx.o(.text)
    EINT3_IRQHandler                         0x00000187   Thumb Code     0  startup_lpc17xx.o(.text)
    ENET_IRQHandler                          0x00000187   Thumb Code     0  startup_lpc17xx.o(.text)
    I2C0_IRQHandler                          0x00000187   Thumb Code     0  startup_lpc17xx.o(.text)
    I2C1_IRQHandler                          0x00000187   Thumb Code     0  startup_lpc17xx.o(.text)
    I2C2_IRQHandler                          0x00000187   Thumb Code     0  startup_lpc17xx.o(.text)
    I2S_IRQHandler                           0x00000187   Thumb Code     0  startup_lpc17xx.o(.text)
    MCPWM_IRQHandler                         0x00000187   Thumb Code     0  startup_lpc17xx.o(.text)
    PLL0_IRQHandler                          0x00000187   Thumb Code     0  startup_lpc17xx.o(.text)
    PLL1_IRQHandler                          0x00000187   Thumb Code     0  startup_lpc17xx.o(.text)
    PWM1_IRQHandler                          0x00000187   Thumb Code     0  startup_lpc17xx.o(.text)
    QEI_IRQHandler                           0x00000187   Thumb Code     0  startup_lpc17xx.o(.text)
    RTC_IRQHandler                           0x00000187   Thumb Code     0  startup_lpc17xx.o(.text)
    SPI_IRQHandler                           0x00000187   Thumb Code     0  startup_lpc17xx.o(.text)
    SSP0_IRQHandler                          0x00000187   Thumb Code     0  startup_lpc17xx.o(.text)
    SSP1_IRQHandler                          0x00000187   Thumb Code     0  startup_lpc17xx.o(.text)
    TIMER2_IRQHandler                        0x00000187   Thumb Code     0  startup_lpc17xx.o(.text)
    TIMER3_IRQHandler                        0x00000187   Thumb Code     0  startup_lpc17xx.o(.text)
    UART0_IRQHandler                         0x00000187   Thumb Code     0  startup_lpc17xx.o(.text)
    UART1_IRQHandler                         0x00000187   Thumb Code     0  startup_lpc17xx.o(.text)
    UART2_IRQHandler                         0x00000187   Thumb Code     0  startup_lpc17xx.o(.text)
    UART3_IRQHandler                         0x00000187   Thumb Code     0  startup_lpc17xx.o(.text)
    USBActivity_IRQHandler                   0x00000187   Thumb Code     0  startup_lpc17xx.o(.text)
    USB_IRQHandler                           0x00000187   Thumb Code     0  startup_lpc17xx.o(.text)
    WDT_IRQHandler                           0x00000187   Thumb Code     0  startup_lpc17xx.o(.text)
    __user_initial_stackheap                 0x00000189   Thumb Code     0  startup_lpc17xx.o(.text)
    main                                     0x000001c3   Thumb Code   204  sample.o(.text)
    joystick_init                            0x000002d9   Thumb Code    26  lib_joystick.o(.text)
    SystemInit                               0x00000301   Thumb Code   552  system_lpc17xx.o(.text)
    EINT0_IRQHandler                         0x0000056b   Thumb Code    42  irq_button.o(.text)
    EINT1_IRQHandler                         0x00000595   Thumb Code    42  irq_button.o(.text)
    EINT2_IRQHandler                         0x000005bf   Thumb Code    42  irq_button.o(.text)
    BUTTON_init                              0x00000647   Thumb Code   124  lib_button.o(.text)
    RIT_IRQHandler                           0x000006fb   Thumb Code  1384  irq_rit.o(.text)
    enable_RIT                               0x00000c7d   Thumb Code    14  lib_rit.o(.text)
    disable_RIT                              0x00000c8b   Thumb Code    14  lib_rit.o(.text)
    reset_RIT                                0x00000c99   Thumb Code     8  lib_rit.o(.text)
    init_RIT                                 0x00000ca1   Thumb Code    98  lib_rit.o(.text)
    initGame                                 0x00000d11   Thumb Code   302  game.o(.text)
    getMoveInfo                              0x00000e3f   Thumb Code    66  game.o(.text)
    moveElement                              0x00000e81   Thumb Code  1676  game.o(.text)
    placePlayer                              0x0000150d   Thumb Code   350  game.o(.text)
    DFS                                      0x0000166b   Thumb Code   168  game.o(.text)
    checkFreePath                            0x00001713   Thumb Code   128  game.o(.text)
    placeWall                                0x00001793   Thumb Code   818  game.o(.text)
    writeStatsSection                        0x00001ae9   Thumb Code   114  render.o(.text)
    writeBoard                               0x00001b5b   Thumb Code    56  render.o(.text)
    initBG                                   0x00001b93   Thumb Code    20  render.o(.text)
    getPlayerPosition                        0x00001ba7   Thumb Code    26  render.o(.text)
    writePlayer                              0x00001bc1   Thumb Code   146  render.o(.text)
    getPossibleMoves                         0x00001c53   Thumb Code  1254  render.o(.text)
    initGameScreen                           0x00002139   Thumb Code    72  render.o(.text)
    getWallPosition                          0x00002181   Thumb Code    26  render.o(.text)
    writeWall                                0x0000219b   Thumb Code    52  render.o(.text)
    refreshWalls                             0x000021cf   Thumb Code    72  render.o(.text)
    GetASCIICode                             0x00002229   Thumb Code    26  asciilib.o(.text)
    LCD_Initialization                       0x000027d3   Thumb Code 12014  glcd.o(.text)
    LCD_Clear                                0x000056c1   Thumb Code  1520  glcd.o(.text)
    LCD_GetPoint                             0x00005ccb   Thumb Code   994  glcd.o(.text)
    LCD_SetPoint                             0x000060ad   Thumb Code   206  glcd.o(.text)
    LCD_DrawLine                             0x0000617b   Thumb Code   250  glcd.o(.text)
    PutChar                                  0x00006275   Thumb Code   100  glcd.o(.text)
    GUI_Text                                 0x000062d9   Thumb Code    80  glcd.o(.text)
    LCD_DrawRectFilled                       0x00006329   Thumb Code    54  glcd.o(.text)
    LCD_DrawRectBorder                       0x0000635f   Thumb Code   122  glcd.o(.text)
    GUIText_CenterCX                         0x000063d9   Thumb Code    22  glcd.o(.text)
    GUIText_X_Center                         0x000063ef   Thumb Code    36  glcd.o(.text)
    TIMER0_IRQHandler                        0x00006415   Thumb Code   224  irq_timer.o(.text)
    TIMER1_IRQHandler                        0x000064f5   Thumb Code    42  irq_timer.o(.text)
    enable_timer                             0x00006563   Thumb Code    20  lib_timer.o(.text)
    disable_timer                            0x00006577   Thumb Code    20  lib_timer.o(.text)
    reset_timer                              0x0000658b   Thumb Code    30  lib_timer.o(.text)
    init_timer                               0x000065a9   Thumb Code    60  lib_timer.o(.text)
    __2sprintf                               0x000065e9   Thumb Code    34  noretval__2sprintf.o(.text)
    _printf_int_dec                          0x00006611   Thumb Code   104  _printf_dec.o(.text)
    __printf                                 0x00006689   Thumb Code   270  __printf_wp.o(.text)
    strlen                                   0x00006797   Thumb Code    62  strlen.o(.text)
    __aeabi_memcpy                           0x000067d5   Thumb Code     0  rt_memcpy_v6.o(.text)
    __rt_memcpy                              0x000067d5   Thumb Code   138  rt_memcpy_v6.o(.text)
    _memcpy_lastbytes                        0x0000683b   Thumb Code     0  rt_memcpy_v6.o(.text)
    __use_two_region_memory                  0x0000685f   Thumb Code     2  heapauxi.o(.text)
    __rt_heap_escrow$2region                 0x00006861   Thumb Code     2  heapauxi.o(.text)
    __rt_heap_expand$2region                 0x00006863   Thumb Code     2  heapauxi.o(.text)
    _printf_int_common                       0x00006865   Thumb Code   178  _printf_intcommon.o(.text)
    _printf_char_common                      0x00006923   Thumb Code    32  _printf_char_common.o(.text)
    _sputc                                   0x00006949   Thumb Code    10  _sputc.o(.text)
    __aeabi_memcpy4                          0x00006953   Thumb Code     0  rt_memcpy_w.o(.text)
    __aeabi_memcpy8                          0x00006953   Thumb Code     0  rt_memcpy_w.o(.text)
    __rt_memcpy_w                            0x00006953   Thumb Code   100  rt_memcpy_w.o(.text)
    _memcpy_lastbytes_aligned                0x0000699b   Thumb Code     0  rt_memcpy_w.o(.text)
    __user_setup_stackheap                   0x000069b7   Thumb Code    74  sys_stackheap_outer.o(.text)
    exit                                     0x00006a01   Thumb Code    18  exit.o(.text)
    __user_libspace                          0x00006a15   Thumb Code     8  libspace.o(.text)
    __user_perproc_libspace                  0x00006a15   Thumb Code     0  libspace.o(.text)
    __user_perthread_libspace                0x00006a15   Thumb Code     0  libspace.o(.text)
    _sys_exit                                0x00006a1d   Thumb Code     8  sys_exit.o(.text)
    __I$use$semihosting                      0x00006a29   Thumb Code     0  use_no_semi.o(.text)
    __use_no_semihosting_swi                 0x00006a29   Thumb Code     2  use_no_semi.o(.text)
    __semihosting_library_function           0x00006a2b   Thumb Code     0  indicate_semi.o(.text)
    _is_digit                                0x00006a2b   Thumb Code    14  __printf_wp.o(i._is_digit)
    setMove                                  0x00006a39   Thumb Code    38  move.o(move)
    Region$$Table$$Base                      0x0000fa54   Number         0  anon$$obj.o(Region$$Table)
    Region$$Table$$Limit                     0x0000fa84   Number         0  anon$$obj.o(Region$$Table)
    SystemFrequency                          0x2007c000   Data           4  system_lpc17xx.o(.data)
    ScaleFlag                                0x2007c004   Data           1  system_lpc17xx.o(.data)
    zero                                     0x2007c005   Data           1  irq_rit.o(.data)
    one                                      0x2007c006   Data           1  irq_rit.o(.data)
    two                                      0x2007c007   Data           1  irq_rit.o(.data)
    move                                     0x2007c010   Data           4  game.o(.data)
    time                                     0x2007c014   Data           1  game.o(.data)
    last_turn                                0x2007c015   Data           1  game.o(.data)
    wallIndex                                0x2007c016   Data           1  game.o(.data)
    pcoords                                  0x2007c017   Data           4  game.o(.data)
    n_walls                                  0x2007c01b   Data           2  game.o(.data)
    buffer                                   0x2007c01d   Data           2  game.o(.data)
    walls                                    0x2007c020   Data          48  game.o(.bss)
    boardMat                                 0x2007c050   Data         169  game.o(.bss)
    __libspace_start                         0x2007c0fc   Data          96  libspace.o(.bss)
    __temporary_stack_top$libspace           0x2007c15c   Data           0  libspace.o(.bss)



==============================================================================

Memory Map of the image

  Image Entry point : 0x000000cd

  Load Region LR_IROM1 (Base: 0x00000000, Size: 0x0000faa4, Max: 0x00080000, ABSOLUTE)

    Execution Region ER_IROM1 (Exec base: 0x00000000, Load base: 0x00000000, Size: 0x0000fa84, Max: 0x00080000, ABSOLUTE)

    Exec Addr    Load Addr    Size         Type   Attr      Idx    E Section Name        Object

    0x00000000   0x00000000   0x000000cc   Data   RO            3    RESET               startup_lpc17xx.o
    0x000000cc   0x000000cc   0x00000008   Code   RO          593  * !!!main             c_w.l(__main.o)
    0x000000d4   0x000000d4   0x00000034   Code   RO          763    !!!scatter          c_w.l(__scatter.o)
    0x00000108   0x00000108   0x0000001a   Code   RO          765    !!handler_copy      c_w.l(__scatter_copy.o)
    0x00000122   0x00000122   0x00000002   PAD
    0x00000124   0x00000124   0x0000001c   Code   RO          767    !!handler_zi        c_w.l(__scatter_zi.o)
    0x00000140   0x00000140   0x00000000   Code   RO          586    .ARM.Collect$$_printf_percent$$00000000  c_w.l(_printf_percent.o)
    0x00000140   0x00000140   0x00000006   Code   RO          585    .ARM.Collect$$_printf_percent$$00000009  c_w.l(_printf_d.o)
    0x00000146   0x00000146   0x00000004   Code   RO          602    .ARM.Collect$$_printf_percent$$00000017  c_w.l(_printf_percent_end.o)
    0x0000014a   0x0000014a   0x00000002   Code   RO          631    .ARM.Collect$$libinit$$00000000  c_w.l(libinit.o)
    0x0000014c   0x0000014c   0x00000000   Code   RO          638    .ARM.Collect$$libinit$$00000002  c_w.l(libinit2.o)
    0x0000014c   0x0000014c   0x00000000   Code   RO          640    .ARM.Collect$$libinit$$00000004  c_w.l(libinit2.o)
    0x0000014c   0x0000014c   0x00000000   Code   RO          643    .ARM.Collect$$libinit$$0000000A  c_w.l(libinit2.o)
    0x0000014c   0x0000014c   0x00000000   Code   RO          645    .ARM.Collect$$libinit$$0000000C  c_w.l(libinit2.o)
    0x0000014c   0x0000014c   0x00000000   Code   RO          647    .ARM.Collect$$libinit$$0000000E  c_w.l(libinit2.o)
    0x0000014c   0x0000014c   0x00000000   Code   RO          650    .ARM.Collect$$libinit$$00000011  c_w.l(libinit2.o)
    0x0000014c   0x0000014c   0x00000000   Code   RO          652    .ARM.Collect$$libinit$$00000013  c_w.l(libinit2.o)
    0x0000014c   0x0000014c   0x00000000   Code   RO          654    .ARM.Collect$$libinit$$00000015  c_w.l(libinit2.o)
    0x0000014c   0x0000014c   0x00000000   Code   RO          656    .ARM.Collect$$libinit$$00000017  c_w.l(libinit2.o)
    0x0000014c   0x0000014c   0x00000000   Code   RO          658    .ARM.Collect$$libinit$$00000019  c_w.l(libinit2.o)
    0x0000014c   0x0000014c   0x00000000   Code   RO          660    .ARM.Collect$$libinit$$0000001B  c_w.l(libinit2.o)
    0x0000014c   0x0000014c   0x00000000   Code   RO          662    .ARM.Collect$$libinit$$0000001D  c_w.l(libinit2.o)
    0x0000014c   0x0000014c   0x00000000   Code   RO          664    .ARM.Collect$$libinit$$0000001F  c_w.l(libinit2.o)
    0x0000014c   0x0000014c   0x00000000   Code   RO          666    .ARM.Collect$$libinit$$00000021  c_w.l(libinit2.o)
    0x0000014c   0x0000014c   0x00000000   Code   RO          668    .ARM.Collect$$libinit$$00000023  c_w.l(libinit2.o)
    0x0000014c   0x0000014c   0x00000000   Code   RO          670    .ARM.Collect$$libinit$$00000025  c_w.l(libinit2.o)
    0x0000014c   0x0000014c   0x00000000   Code   RO          674    .ARM.Collect$$libinit$$0000002C  c_w.l(libinit2.o)
    0x0000014c   0x0000014c   0x00000000   Code   RO          676    .ARM.Collect$$libinit$$0000002E  c_w.l(libinit2.o)
    0x0000014c   0x0000014c   0x00000000   Code   RO          678    .ARM.Collect$$libinit$$00000030  c_w.l(libinit2.o)
    0x0000014c   0x0000014c   0x00000000   Code   RO          680    .ARM.Collect$$libinit$$00000032  c_w.l(libinit2.o)
    0x0000014c   0x0000014c   0x00000002   Code   RO          681    .ARM.Collect$$libinit$$00000033  c_w.l(libinit2.o)
    0x0000014e   0x0000014e   0x00000002   Code   RO          701    .ARM.Collect$$libshutdown$$00000000  c_w.l(libshutdown.o)
    0x00000150   0x00000150   0x00000000   Code   RO          714    .ARM.Collect$$libshutdown$$00000002  c_w.l(libshutdown2.o)
    0x00000150   0x00000150   0x00000000   Code   RO          716    .ARM.Collect$$libshutdown$$00000004  c_w.l(libshutdown2.o)
    0x00000150   0x00000150   0x00000000   Code   RO          718    .ARM.Collect$$libshutdown$$00000006  c_w.l(libshutdown2.o)
    0x00000150   0x00000150   0x00000000   Code   RO          721    .ARM.Collect$$libshutdown$$00000009  c_w.l(libshutdown2.o)
    0x00000150   0x00000150   0x00000000   Code   RO          724    .ARM.Collect$$libshutdown$$0000000C  c_w.l(libshutdown2.o)
    0x00000150   0x00000150   0x00000000   Code   RO          726    .ARM.Collect$$libshutdown$$0000000E  c_w.l(libshutdown2.o)
    0x00000150   0x00000150   0x00000000   Code   RO          729    .ARM.Collect$$libshutdown$$00000011  c_w.l(libshutdown2.o)
    0x00000150   0x00000150   0x00000002   Code   RO          730    .ARM.Collect$$libshutdown$$00000012  c_w.l(libshutdown2.o)
    0x00000152   0x00000152   0x00000000   Code   RO          595    .ARM.Collect$$rtentry$$00000000  c_w.l(__rtentry.o)
    0x00000152   0x00000152   0x00000000   Code   RO          606    .ARM.Collect$$rtentry$$00000002  c_w.l(__rtentry2.o)
    0x00000152   0x00000152   0x00000006   Code   RO          618    .ARM.Collect$$rtentry$$00000004  c_w.l(__rtentry4.o)
    0x00000158   0x00000158   0x00000000   Code   RO          608    .ARM.Collect$$rtentry$$00000009  c_w.l(__rtentry2.o)
    0x00000158   0x00000158   0x00000004   Code   RO          609    .ARM.Collect$$rtentry$$0000000A  c_w.l(__rtentry2.o)
    0x0000015c   0x0000015c   0x00000000   Code   RO          611    .ARM.Collect$$rtentry$$0000000C  c_w.l(__rtentry2.o)
    0x0000015c   0x0000015c   0x00000008   Code   RO          612    .ARM.Collect$$rtentry$$0000000D  c_w.l(__rtentry2.o)
    0x00000164   0x00000164   0x00000002   Code   RO          635    .ARM.Collect$$rtexit$$00000000  c_w.l(rtexit.o)
    0x00000166   0x00000166   0x00000000   Code   RO          683    .ARM.Collect$$rtexit$$00000002  c_w.l(rtexit2.o)
    0x00000166   0x00000166   0x00000004   Code   RO          684    .ARM.Collect$$rtexit$$00000003  c_w.l(rtexit2.o)
    0x0000016a   0x0000016a   0x00000006   Code   RO          685    .ARM.Collect$$rtexit$$00000004  c_w.l(rtexit2.o)
    0x00000170   0x00000170   0x00000034   Code   RO            5    .text               startup_lpc17xx.o
    0x000001a4   0x000001a4   0x00000134   Code   RO           16    .text               sample.o
    0x000002d8   0x000002d8   0x00000024   Code   RO          283    .text               lib_joystick.o
    0x000002fc   0x000002fc   0x00000004   Code   RO            4    .ARM.__at_0x02FC    startup_lpc17xx.o
    0x00000300   0x00000300   0x0000024c   Code   RO          102    .text               system_lpc17xx.o
    0x0000054c   0x0000054c   0x000000b8   Code   RO          133    .text               irq_button.o
    0x00000604   0x00000604   0x000000d4   Code   RO          179    .text               lib_button.o
    0x000006d8   0x000006d8   0x000005a4   Code   RO          207    .text               irq_rit.o
    0x00000c7c   0x00000c7c   0x00000094   Code   RO          255    .text               lib_rit.o
    0x00000d10   0x00000d10   0x00000dd8   Code   RO          335    .text               game.o
    0x00001ae8   0x00001ae8   0x00000740   Code   RO          389    .text               render.o
    0x00002228   0x00002228   0x00000020   Code   RO          425    .text               asciilib.o
    0x00002248   0x00002248   0x000041ca   Code   RO          445    .text               glcd.o
    0x00006412   0x00006412   0x00000002   PAD
    0x00006414   0x00006414   0x0000012c   Code   RO          491    .text               irq_timer.o
    0x00006540   0x00006540   0x000000a8   Code   RO          534    .text               lib_timer.o
    0x000065e8   0x000065e8   0x00000028   Code   RO          559    .text               c_w.l(noretval__2sprintf.o)
    0x00006610   0x00006610   0x00000078   Code   RO          563    .text               c_w.l(_printf_dec.o)
    0x00006688   0x00006688   0x0000010e   Code   RO          573    .text               c_w.l(__printf_wp.o)
    0x00006796   0x00006796   0x0000003e   Code   RO          587    .text               c_w.l(strlen.o)
    0x000067d4   0x000067d4   0x0000008a   Code   RO          589    .text               c_w.l(rt_memcpy_v6.o)
    0x0000685e   0x0000685e   0x00000006   Code   RO          591    .text               c_w.l(heapauxi.o)
    0x00006864   0x00006864   0x000000b2   Code   RO          596    .text               c_w.l(_printf_intcommon.o)
    0x00006916   0x00006916   0x00000002   PAD
    0x00006918   0x00006918   0x00000030   Code   RO          598    .text               c_w.l(_printf_char_common.o)
    0x00006948   0x00006948   0x0000000a   Code   RO          600    .text               c_w.l(_sputc.o)
    0x00006952   0x00006952   0x00000064   Code   RO          603    .text               c_w.l(rt_memcpy_w.o)
    0x000069b6   0x000069b6   0x0000004a   Code   RO          622    .text               c_w.l(sys_stackheap_outer.o)
    0x00006a00   0x00006a00   0x00000012   Code   RO          624    .text               c_w.l(exit.o)
    0x00006a12   0x00006a12   0x00000002   PAD
    0x00006a14   0x00006a14   0x00000008   Code   RO          632    .text               c_w.l(libspace.o)
    0x00006a1c   0x00006a1c   0x0000000c   Code   RO          693    .text               c_w.l(sys_exit.o)
    0x00006a28   0x00006a28   0x00000002   Code   RO          704    .text               c_w.l(use_no_semi.o)
    0x00006a2a   0x00006a2a   0x00000000   Code   RO          706    .text               c_w.l(indicate_semi.o)
    0x00006a2a   0x00006a2a   0x0000000e   Code   RO          575    i._is_digit         c_w.l(__printf_wp.o)
    0x00006a38   0x00006a38   0x00000026   Code   RO           85    move                move.o
    0x00006a5e   0x00006a5e   0x00004503   Data   RO           17    .constdata          sample.o
    0x0000af61   0x0000af61   0x00004503   Data   RO          390    .constdata          render.o
    0x0000f464   0x0000f464   0x000005f0   Data   RO          426    .constdata          asciilib.o
    0x0000fa54   0x0000fa54   0x00000030   Data   RO          761    Region$$Table       anon$$obj.o


    Execution Region RW_IRAM1 (Exec base: 0x10000000, Load base: 0x0000fa84, Size: 0x00001000, Max: 0x00008000, ABSOLUTE)

    Exec Addr    Load Addr    Size         Type   Attr      Idx    E Section Name        Object

    0x10000000        -       0x00001000   Zero   RW            1    STACK               startup_lpc17xx.o


    Execution Region RW_IRAM2 (Exec base: 0x2007c000, Load base: 0x0000fa84, Size: 0x00000160, Max: 0x00008000, ABSOLUTE)

    Exec Addr    Load Addr    Size         Type   Attr      Idx    E Section Name        Object

    0x2007c000   0x0000fa84   0x00000005   Data   RW          103    .data               system_lpc17xx.o
    0x2007c005   0x0000fa89   0x00000008   Data   RW          209    .data               irq_rit.o
    0x2007c00d   0x0000fa91   0x00000003   PAD
    0x2007c010   0x0000fa94   0x0000000f   Data   RW          338    .data               game.o
    0x2007c01f   0x0000faa3   0x00000001   Data   RW          446    .data               glcd.o
    0x2007c020        -       0x000000d9   Zero   RW          336    .bss                game.o
    0x2007c0f9   0x0000faa4   0x00000003   PAD
    0x2007c0fc        -       0x00000060   Zero   RW          633    .bss                c_w.l(libspace.o)
    0x2007c15c   0x0000faa4   0x00000004   PAD
    0x2007c160        -       0x00000000   Zero   RW            2    HEAP                startup_lpc17xx.o


==============================================================================

Image component sizes


      Code (inc. data)   RO Data    RW Data    ZI Data      Debug   Object Name

        32          6       1520          0          0       1367   asciilib.o
      3544        212          0         15        217       7217   game.o
     16842        104          0          1          0      41719   glcd.o
       184         28          0          0          0      17977   irq_button.o
      1444        100          0          8          0       3855   irq_rit.o
       300         34          0          0          0        830   irq_timer.o
       212         22          0          0          0       1038   lib_button.o
        36         10          0          0          0        544   lib_joystick.o
       148         14          0          0          0      27575   lib_rit.o
       168          4          0          0          0       1512   lib_timer.o
        38          0          0          0          0        432   move.o
      1856         68      17667          0          0       4715   render.o
       308         74      17667          0          0      23771   sample.o
        56         22        204          0       4096       1236   startup_lpc17xx.o
       588         36          0          5          0       1133   system_lpc17xx.o

    ----------------------------------------------------------------------
     25758        734      37106         32       4316     134921   Object Totals
         0          0         48          0          0          0   (incl. Generated)
         2          0          0          3          3          0   (incl. Padding)

    ----------------------------------------------------------------------

      Code (inc. data)   RO Data    RW Data    ZI Data      Debug   Library Member Name

         8          0          0          0          0         68   __main.o
       284          0          0          0          0        156   __printf_wp.o
         0          0          0          0          0          0   __rtentry.o
        12          0          0          0          0          0   __rtentry2.o
         6          0          0          0          0          0   __rtentry4.o
        52          8          0          0          0          0   __scatter.o
        26          0          0          0          0          0   __scatter_copy.o
        28          0          0          0          0          0   __scatter_zi.o
        48          6          0          0          0         96   _printf_char_common.o
         6          0          0          0          0          0   _printf_d.o
       120         16          0          0          0         92   _printf_dec.o
       178          0          0          0          0         88   _printf_intcommon.o
         0          0          0          0          0          0   _printf_percent.o
         4          0          0          0          0          0   _printf_percent_end.o
        10          0          0          0          0         68   _sputc.o
        18          0          0          0          0         80   exit.o
         6          0          0          0          0        152   heapauxi.o
         0          0          0          0          0          0   indicate_semi.o
         2          0          0          0          0          0   libinit.o
         2          0          0          0          0          0   libinit2.o
         2          0          0          0          0          0   libshutdown.o
         2          0          0          0          0          0   libshutdown2.o
         8          4          0          0         96         68   libspace.o
        40          6          0          0          0         84   noretval__2sprintf.o
       138          0          0          0          0         68   rt_memcpy_v6.o
       100          0          0          0          0         80   rt_memcpy_w.o
         2          0          0          0          0          0   rtexit.o
        10          0          0          0          0          0   rtexit2.o
        62          0          0          0          0         76   strlen.o
        12          4          0          0          0         68   sys_exit.o
        74          0          0          0          0         80   sys_stackheap_outer.o
         2          0          0          0          0         68   use_no_semi.o

    ----------------------------------------------------------------------
      1268         44          0          0        100       1392   Library Totals
         6          0          0          0          4          0   (incl. Padding)

    ----------------------------------------------------------------------

      Code (inc. data)   RO Data    RW Data    ZI Data      Debug   Library Name

      1262         44          0          0         96       1392   c_w.l

    ----------------------------------------------------------------------
      1268         44          0          0        100       1392   Library Totals

    ----------------------------------------------------------------------

==============================================================================


      Code (inc. data)   RO Data    RW Data    ZI Data      Debug   

     27026        778      37106         32       4416     134801   Grand Totals
     27026        778      37106         32       4416     134801   ELF Image Totals
     27026        778      37106         32          0          0   ROM Totals

==============================================================================

    Total RO  Size (Code + RO Data)                64132 (  62.63kB)
    Total RW  Size (RW Data + ZI Data)              4448 (   4.34kB)
    Total ROM Size (Code + RO Data + RW Data)      64164 (  62.66kB)

==============================================================================

